// Jest Snapshot v1, https://goo.gl/fbAQLP

exports[`Given an BarCodeScanner component When it is rendered Then should match the snapshot 1`] = `
<RCTSafeAreaView
  emulateUnlessSupported={true}
  style={
    Object {
      "backgroundColor": "#D9D8C4",
    }
  }
>
  <View
    style={
      Object {
        "alignItems": "center",
        "flex": 1,
        "justifyContent": "center",
      }
    }
  >
    <ActivityIndicator
      size="small"
    />
  </View>
  <View
    style={
      Object {
        "position": "absolute",
        "top": 0,
        "width": "100%",
      }
    }
  >
    <View
      style={
        Object {
          "alignItems": "flex-end",
          "backgroundColor": "#F5F5F5",
        }
      }
    >
      <View
        style={
          Object {
            "alignItems": "center",
            "backgroundColor": "#D9D8C4",
            "borderBottomLeftRadius": 25,
            "justifyContent": "center",
            "padding": 10,
            "width": "100%",
          }
        }
      >
        <IconMock
          height={45}
          width={45}
        />
      </View>
      <View
        style={
          Object {
            "height": 0,
          }
        }
      >
        <View
          style={
            Object {
              "backgroundColor": "#D9D8C4",
              "height": 20,
              "width": 20,
            }
          }
        >
          <View
            style={
              Object {
                "backgroundColor": "#F5F5F5",
                "borderTopRightRadius": 25,
                "height": 20,
                "width": 20,
              }
            }
          />
        </View>
      </View>
    </View>
    <View
      style={
        Object {
          "backgroundColor": "#F5F5F5",
          "height": "10%",
          "zIndex": 2,
        }
      }
    />
    <View
      style={
        Object {
          "alignItems": "center",
          "flexDirection": "row",
          "height": "60%",
          "justifyContent": "space-between",
        }
      }
    >
      <View
        style={
          Object {
            "backgroundColor": "#F5F5F5",
            "height": "100%",
            "width": 20,
          }
        }
      />
      <IconMock
        height={250}
        width={300}
      />
      <View
        style={
          Object {
            "backgroundColor": "#F5F5F5",
            "height": "100%",
            "width": 20,
          }
        }
      />
    </View>
    <View
      style={
        Object {
          "alignItems": "center",
          "backgroundColor": "#F5F5F5",
          "height": "100%",
          "padding": 30,
        }
      }
    >
      <Text
        style={
          Object {
            "fontSize": 20,
            "marginBottom": 30,
          }
        }
      >
        Scan book barcode
      </Text>
      <View
        accessible={true}
        collapsable={false}
        focusable={false}
        nativeID="animatedComponent"
        onClick={[Function]}
        onResponderGrant={[Function]}
        onResponderMove={[Function]}
        onResponderRelease={[Function]}
        onResponderTerminate={[Function]}
        onResponderTerminationRequest={[Function]}
        onStartShouldSetResponder={[Function]}
        style={
          Object {
            "alignItems": "center",
            "backgroundColor": "#000000",
            "borderRadius": 10,
            "display": "flex",
            "height": 70,
            "justifyContent": "center",
            "opacity": 1,
            "width": "100%",
          }
        }
      >
        <Text
          style={
            Object {
              "color": "#FFFFFF",
              "fontSize": 20,
              "fontWeight": "500",
            }
          }
        >
          Add ISBN manually
        </Text>
      </View>
    </View>
  </View>
</RCTSafeAreaView>
`;
