// Jest Snapshot v1, https://goo.gl/fbAQLP

exports[`Given an AddPopUp component When it is rendered Then should match the snapshot 1`] = `
<View
  onLayout={[Function]}
  style={
    Object {
      "flex": 1,
    }
  }
>
  <View
    style={
      Array [
        Object {
          "flex": 1,
        },
        undefined,
        undefined,
        undefined,
      ]
    }
  >
    <View
      style={
        Object {
          "alignItems": "center",
          "backgroundColor": "#FFFFFF",
          "borderRadius": 50,
          "elevation": 2,
          "height": 60,
          "justifyContent": "center",
          "position": "relative",
          "top": -10,
          "width": 60,
        }
      }
    >
      <View
        collapsable={false}
      >
        <View
          accessible={true}
          focusable={true}
          onClick={[Function]}
          onResponderGrant={[Function]}
          onResponderMove={[Function]}
          onResponderRelease={[Function]}
          onResponderTerminate={[Function]}
          onResponderTerminationRequest={[Function]}
          onStartShouldSetResponder={[Function]}
        >
          <View
            ctx={
              Object {
                "menuActions": Object {
                  "_getOpenedMenu": [Function],
                  "_notify": [Function],
                  "closeMenu": [Function],
                  "isMenuOpen": [Function],
                  "openMenu": [Function],
                  "toggleMenu": [Function],
                },
                "menuRegistry": Object {
                  "getAll": [Function],
                  "getMenu": [Function],
                  "setOptionsCustomStyles": [Function],
                  "subscribe": [Function],
                  "unsubscribe": [Function],
                  "updateLayoutInfo": [Function],
                },
              }
            }
            style={
              Array [
                undefined,
                undefined,
              ]
            }
          >
            <Text
              style={
                Object {
                  "color": "#3E3C37",
                  "fontSize": 30,
                  "height": 60,
                  "lineHeight": 60,
                  "textAlign": "center",
                  "width": 60,
                }
              }
            >
              +
            </Text>
          </View>
        </View>
      </View>
    </View>
  </View>
  <RCTSafeAreaView
    emulateUnlessSupported={true}
    pointerEvents="box-none"
    style={
      Object {
        "bottom": 0,
        "left": 0,
        "position": "absolute",
        "right": 0,
        "top": 0,
      }
    }
  >
    <View
      collapsable={false}
      onLayout={[Function]}
      pointerEvents="box-none"
      style={
        Object {
          "flex": 1,
        }
      }
    />
  </RCTSafeAreaView>
</View>
`;
