// Jest Snapshot v1, https://goo.gl/fbAQLP

exports[`Given a Following component When it is rendered Then should match the snapshot 1`] = `
<RCTSafeAreaView
  emulateUnlessSupported={true}
  style={
    Object {
      "backgroundColor": "#F5F5F5",
      "minHeight": "100%",
    }
  }
>
  <View
    style={
      Object {
        "alignItems": "flex-end",
        "backgroundColor": "#F5F5F5",
      }
    }
  >
    <View
      style={
        Object {
          "alignItems": "center",
          "backgroundColor": "#D9D8C4",
          "borderBottomLeftRadius": 25,
          "justifyContent": "center",
          "padding": 10,
          "width": "100%",
        }
      }
    >
      <IconMock
        height={45}
        width={45}
      />
    </View>
    <View
      style={
        Object {
          "height": 0,
        }
      }
    >
      <View
        style={
          Object {
            "backgroundColor": "#D9D8C4",
            "height": 20,
            "width": 20,
          }
        }
      >
        <View
          style={
            Object {
              "backgroundColor": "#F5F5F5",
              "borderTopRightRadius": 25,
              "height": 20,
              "width": 20,
            }
          }
        />
      </View>
    </View>
  </View>
  <View
    style={
      Object {
        "paddingHorizontal": 30,
      }
    }
  >
    <View
      style={
        Object {
          "flexDirection": "row",
          "justifyContent": "space-between",
          "paddingVertical": 10,
        }
      }
    >
      <Text>
        Users activity under construction
      </Text>
      <View
        accessible={true}
        collapsable={false}
        focusable={true}
        nativeID="animatedComponent"
        onClick={[Function]}
        onResponderGrant={[Function]}
        onResponderMove={[Function]}
        onResponderRelease={[Function]}
        onResponderTerminate={[Function]}
        onResponderTerminationRequest={[Function]}
        onStartShouldSetResponder={[Function]}
        style={
          Object {
            "alignItems": "center",
            "backgroundColor": "#FFFFFF",
            "borderRadius": 100,
            "elevation": 5,
            "height": 60,
            "justifyContent": "center",
            "opacity": 1,
            "width": 60,
          }
        }
        testID="followingUsersPageButton"
      >
        <IconMock
          height={40}
          width={40}
        />
      </View>
    </View>
  </View>
</RCTSafeAreaView>
`;
